ℹ [1/15] Built MemoryTransfer (1.1s)
info: MemoryTransfer.lean:289:0: 'MemoryTransfer.load_store' depends on axioms: [propext, Quot.sound]
info: MemoryTransfer.lean:290:0: 'MemoryTransfer.load_store_disjoint' depends on axioms: [propext, Quot.sound]
info: MemoryTransfer.lean:291:0: 'MemoryTransfer.success_bounds' depends on axioms: [propext, Classical.choice, Quot.sound]
info: MemoryTransfer.lean:292:0: 'MemoryTransfer.success_contract' depends on axioms: [propext, Classical.choice, Quot.sound]
info: MemoryTransfer.lean:293:0: 'MemoryTransfer.read_emit_observation' depends on axioms: [propext, Classical.choice, Quot.sound]
info: MemoryTransfer.lean:295:0: 'MemoryTransfer.relay_contract' depends on axioms: [propext, Classical.choice, Quot.sound]
info: MemoryTransfer.lean:296:0: 'MemoryTransfer.relays_observation' depends on axioms: [propext, Classical.choice, Quot.sound]
info: MemoryTransfer.lean:297:0: 'MemoryTransfer.relays_conservation' depends on axioms: [propext, Classical.choice, Quot.sound]
info: MemoryTransfer.lean:298:0: 'MemoryTransfer.ready_relay_exists' depends on axioms: [propext, Classical.choice, Quot.sound]
info: MemoryTransfer.lean:299:0: 'MemoryTransfer.store_frame' depends on axioms: [propext, Quot.sound]
info: MemoryTransfer.lean:300:0: 'MemoryTransfer.invalid_is_ub' depends on axioms: [propext]
info: MemoryTransfer.lean:301:0: 'MemoryTransfer.error_preserves_state' depends on axioms: [propext]
info: MemoryTransfer.lean:302:0: 'MemoryTransfer.Examples.short_binary_read' does not depend on any axioms
info: MemoryTransfer.lean:303:0: 'MemoryTransfer.Examples.exhausted_input_read' does not depend on any axioms
info: MemoryTransfer.lean:304:0: 'MemoryTransfer.Examples.foreign_pointer_ub' does not depend on any axioms
info: MemoryTransfer.lean:305:0: 'MemoryTransfer.Examples.overrun_ub_even_when_short' does not depend on any axioms
info: MemoryTransfer.lean:306:0: 'MemoryTransfer.Examples.one_past_zero' does not depend on any axioms
info: MemoryTransfer.lean:307:0: 'MemoryTransfer.Examples.one_past_nonzero_ub' does not depend on any axioms
info: MemoryTransfer.lean:308:0: 'MemoryTransfer.Examples.error_has_no_effect' does not depend on any axioms
info: MemoryTransfer.lean:309:0: 'MemoryTransfer.Examples.invalid_error_path_is_ub' does not depend on any axioms
info: MemoryTransfer.lean:310:0: 'MemoryTransfer.store_at' depends on axioms: [propext]
info: MemoryTransfer.lean:311:0: 'MemoryTransfer.amount_bounds' depends on axioms: [propext, Classical.choice, Quot.sound]
info: MemoryTransfer.lean:312:0: 'MemoryTransfer.read' does not depend on any axioms
info: MemoryTransfer.lean:313:0: 'MemoryTransfer.emit' depends on axioms: [propext, Quot.sound]
✔ [2/17] Built MemoryTransfer:c.o (351ms)
✔ [3/17] Built BufferRelay (1.7s)
✔ [4/19] Built CalculusNested (7.8s)
✔ [6/19] Built BufferRelay:c.o (275ms)
✔ [7/19] Built ShellObservation (555ms)
✔ [8/23] Built CalculusExport (8.4s)
✔ [10/25] Built ShellObservation:c.o (87ms)
✔ [11/25] Built CalculusFragment (1.0s)
✔ [13/25] Built CalculusBody (3.2s)
✔ [15/30] Built CalculusSimulation (849ms)
✔ [17/30] Built CalculusFragment:c.o (1.1s)
✔ [18/30] Built CalculusNested:c.o (4.5s)
✔ [20/33] Built CalculusExport:c.o (3.1s)
✔ [21/33] Built FragmentMain (415ms)
✔ [22/33] Built CalculusRelayLoop (1.2s)
✔ [24/33] Built FragmentMain:c.o (83ms)
✔ [25/33] Built ExportMain (299ms)
✔ [26/33] Built ExportMain:c.o (148ms)
✔ [27/33] Built CompareMain (370ms)
✔ [28/33] Built «fragment-json»:exe (240ms)
✔ [29/33] Built CalculusRelayOuter (3.2s)
✔ [31/33] Built «export-run»:exe (211ms)
✔ [32/33] Built CompareMain:c.o (311ms)
✔ [33/33] Built «compare-run»:exe (197ms)
Build completed successfully (33 jobs).
