ℹ [1/24] Replayed MemoryTransfer
info: MemoryTransfer.lean:289:0: 'MemoryTransfer.load_store' depends on axioms: [propext, Quot.sound]
info: MemoryTransfer.lean:290:0: 'MemoryTransfer.load_store_disjoint' depends on axioms: [propext, Quot.sound]
info: MemoryTransfer.lean:291:0: 'MemoryTransfer.success_bounds' depends on axioms: [propext, Classical.choice, Quot.sound]
info: MemoryTransfer.lean:292:0: 'MemoryTransfer.success_contract' depends on axioms: [propext, Classical.choice, Quot.sound]
info: MemoryTransfer.lean:293:0: 'MemoryTransfer.read_emit_observation' depends on axioms: [propext, Classical.choice, Quot.sound]
info: MemoryTransfer.lean:295:0: 'MemoryTransfer.relay_contract' depends on axioms: [propext, Classical.choice, Quot.sound]
info: MemoryTransfer.lean:296:0: 'MemoryTransfer.relays_observation' depends on axioms: [propext, Classical.choice, Quot.sound]
info: MemoryTransfer.lean:297:0: 'MemoryTransfer.relays_conservation' depends on axioms: [propext, Classical.choice, Quot.sound]
info: MemoryTransfer.lean:298:0: 'MemoryTransfer.ready_relay_exists' depends on axioms: [propext, Classical.choice, Quot.sound]
info: MemoryTransfer.lean:299:0: 'MemoryTransfer.store_frame' depends on axioms: [propext, Quot.sound]
info: MemoryTransfer.lean:300:0: 'MemoryTransfer.invalid_is_ub' depends on axioms: [propext]
info: MemoryTransfer.lean:301:0: 'MemoryTransfer.error_preserves_state' depends on axioms: [propext]
info: MemoryTransfer.lean:302:0: 'MemoryTransfer.Examples.short_binary_read' does not depend on any axioms
info: MemoryTransfer.lean:303:0: 'MemoryTransfer.Examples.exhausted_input_read' does not depend on any axioms
info: MemoryTransfer.lean:304:0: 'MemoryTransfer.Examples.foreign_pointer_ub' does not depend on any axioms
info: MemoryTransfer.lean:305:0: 'MemoryTransfer.Examples.overrun_ub_even_when_short' does not depend on any axioms
info: MemoryTransfer.lean:306:0: 'MemoryTransfer.Examples.one_past_zero' does not depend on any axioms
info: MemoryTransfer.lean:307:0: 'MemoryTransfer.Examples.one_past_nonzero_ub' does not depend on any axioms
info: MemoryTransfer.lean:308:0: 'MemoryTransfer.Examples.error_has_no_effect' does not depend on any axioms
info: MemoryTransfer.lean:309:0: 'MemoryTransfer.Examples.invalid_error_path_is_ub' does not depend on any axioms
info: MemoryTransfer.lean:310:0: 'MemoryTransfer.store_at' depends on axioms: [propext]
info: MemoryTransfer.lean:311:0: 'MemoryTransfer.amount_bounds' depends on axioms: [propext, Classical.choice, Quot.sound]
info: MemoryTransfer.lean:312:0: 'MemoryTransfer.read' does not depend on any axioms
info: MemoryTransfer.lean:313:0: 'MemoryTransfer.emit' depends on axioms: [propext, Quot.sound]
✔ [19/24] Built CalculusNested:c.o (4.6s)
✔ [21/27] Built CalculusExport:c.o (3.0s)
✔ [22/27] Built ExportMain (307ms)
✔ [24/27] Built CompareMain (370ms)
✔ [25/27] Built «export-run»:exe (204ms)
✔ [27/27] Built «compare-run»:exe (206ms)
Build completed successfully (27 jobs).
