ℹ [1/15] Built MemoryTransfer (1.0s)
info: MemoryTransfer.lean:289:0: 'MemoryTransfer.load_store' depends on axioms: [propext, Quot.sound]
info: MemoryTransfer.lean:290:0: 'MemoryTransfer.load_store_disjoint' depends on axioms: [propext, Quot.sound]
info: MemoryTransfer.lean:291:0: 'MemoryTransfer.success_bounds' depends on axioms: [propext, Classical.choice, Quot.sound]
info: MemoryTransfer.lean:292:0: 'MemoryTransfer.success_contract' depends on axioms: [propext, Classical.choice, Quot.sound]
info: MemoryTransfer.lean:293:0: 'MemoryTransfer.read_emit_observation' depends on axioms: [propext, Classical.choice, Quot.sound]
info: MemoryTransfer.lean:295:0: 'MemoryTransfer.relay_contract' depends on axioms: [propext, Classical.choice, Quot.sound]
info: MemoryTransfer.lean:296:0: 'MemoryTransfer.relays_observation' depends on axioms: [propext, Classical.choice, Quot.sound]
info: MemoryTransfer.lean:297:0: 'MemoryTransfer.relays_conservation' depends on axioms: [propext, Classical.choice, Quot.sound]
info: MemoryTransfer.lean:298:0: 'MemoryTransfer.ready_relay_exists' depends on axioms: [propext, Classical.choice, Quot.sound]
info: MemoryTransfer.lean:299:0: 'MemoryTransfer.store_frame' depends on axioms: [propext, Quot.sound]
info: MemoryTransfer.lean:300:0: 'MemoryTransfer.invalid_is_ub' depends on axioms: [propext]
info: MemoryTransfer.lean:301:0: 'MemoryTransfer.error_preserves_state' depends on axioms: [propext]
info: MemoryTransfer.lean:302:0: 'MemoryTransfer.Examples.short_binary_read' does not depend on any axioms
info: MemoryTransfer.lean:303:0: 'MemoryTransfer.Examples.exhausted_input_read' does not depend on any axioms
info: MemoryTransfer.lean:304:0: 'MemoryTransfer.Examples.foreign_pointer_ub' does not depend on any axioms
info: MemoryTransfer.lean:305:0: 'MemoryTransfer.Examples.overrun_ub_even_when_short' does not depend on any axioms
info: MemoryTransfer.lean:306:0: 'MemoryTransfer.Examples.one_past_zero' does not depend on any axioms
info: MemoryTransfer.lean:307:0: 'MemoryTransfer.Examples.one_past_nonzero_ub' does not depend on any axioms
info: MemoryTransfer.lean:308:0: 'MemoryTransfer.Examples.error_has_no_effect' does not depend on any axioms
info: MemoryTransfer.lean:309:0: 'MemoryTransfer.Examples.invalid_error_path_is_ub' does not depend on any axioms
info: MemoryTransfer.lean:310:0: 'MemoryTransfer.store_at' depends on axioms: [propext]
info: MemoryTransfer.lean:311:0: 'MemoryTransfer.amount_bounds' depends on axioms: [propext, Classical.choice, Quot.sound]
info: MemoryTransfer.lean:312:0: 'MemoryTransfer.read' does not depend on any axioms
info: MemoryTransfer.lean:313:0: 'MemoryTransfer.emit' depends on axioms: [propext, Quot.sound]
✔ [2/17] Built MemoryTransfer:c.o (335ms)
✔ [3/17] Built BufferRelay (1.8s)
✔ [4/19] Built CalculusNested (7.6s)
✔ [6/19] Built BufferRelay:c.o (257ms)
✔ [7/19] Built ShellObservation (538ms)
✔ [8/23] Built CalculusExport (8.2s)
✔ [10/25] Built ShellObservation:c.o (82ms)
✔ [11/25] Built CalculusFragment (1.0s)
✔ [13/25] Built CalculusBody (3.1s)
✔ [15/25] Built CalculusSimulation (798ms)
✔ [17/28] Built CalculusFragment:c.o (1.0s)
✔ [18/28] Built FragmentMain (374ms)
✔ [19/30] Built CalculusRelayLoop (1.1s)
✔ [21/30] Built FragmentMain:c.o (77ms)
✔ [22/32] Built CompareMain (360ms)
✔ [23/32] Built CalculusRelayOuter (3.3s)
✔ [26/39] Built «fragment-json»:exe (216ms)
✔ [27/39] Built CalculusFragmentRules (576ms)
✔ [29/39] Built CalculusNested:c.o (4.6s)
✔ [30/39] Built CalculusExport:c.o (3.1s)
✔ [31/39] Built CompareMain:c.o (303ms)
✔ [32/39] Built CalculusTokenize (1.0s)
✔ [34/39] Built CalculusRelaySpec (8.8s)
✔ [36/39] Built ExportMain (282ms)
✔ [37/39] Built «compare-run»:exe (194ms)
✔ [38/39] Built ExportMain:c.o (137ms)
✔ [39/39] Built «export-run»:exe (184ms)
Build completed successfully (39 jobs).
