{"synthetic": false,
 "schemaVersion": "2025-09-10",
 "outputs":
 {"o": ["d9b3e90d0979d14a.olean"],
  "m": false,
  "i": "56a335da0902ec95.ilean",
  "c": "50fbc662c8d3ab38.c"},
 "log":
 [{"message":
   ".> LEAN_PATH=/home/coder/Coding/bash-spec-pilot/research/libc-specs/phase5/integration/lean-final/.lake/build/lib/lean /home/coder/.elan/toolchains/leanprover--lean4---v4.31.0/bin/lean -j1 -s16384 -DwarningAsError=true /home/coder/Coding/bash-spec-pilot/research/libc-specs/phase5/integration/lean-final/BufferRelay.lean -o /home/coder/Coding/bash-spec-pilot/research/libc-specs/phase5/integration/lean-final/.lake/build/lib/lean/BufferRelay.olean -i /home/coder/Coding/bash-spec-pilot/research/libc-specs/phase5/integration/lean-final/.lake/build/lib/lean/BufferRelay.ilean -c /home/coder/Coding/bash-spec-pilot/research/libc-specs/phase5/integration/lean-final/.lake/build/ir/BufferRelay.c --setup /home/coder/Coding/bash-spec-pilot/research/libc-specs/phase5/integration/lean-final/.lake/build/ir/BufferRelay.setup.json --json",
   "level": "trace"}],
 "inputs":
 [["BufferRelay:deps",
   [["deps",
     [["shell_lean_final/BufferRelay:extraDep",
       [["@shell_lean_final:extraDep", "00000000000006bb"]]],
      ["imports",
       [["MemoryTransfer transitive imports (legacy)", "00000000000006bb"],
        ["MemoryTransfer:importAllArts", "78fdba144c8fab19"]]]]],
    ["libs",
     [["import dynlibs", "00000000000006bb"],
      ["package external libraries", "00000000000006bb"],
      ["module dynlibs", "00000000000006bb"],
      ["module plugins", "00000000000006bb"]]]]],
  ["Lean 4.31.0, commit 68218e876d2a38b1985b8590fff244a83c321783",
   "fc45ac412f28501c"],
  ["/home/coder/Coding/bash-spec-pilot/research/libc-specs/phase5/integration/lean-final/BufferRelay.lean",
   "1a40de00320b114f"],
  ["options", "00000000000006bb"],
  ["isModule: false", "feefd2a0d3a1847e"],
  ["Module.name: BufferRelay", "8a1509f6ad9d9646"],
  ["Package.id?: (some shell_lean_final)", "933a4a5fbe43413a"],
  ["Module.leanArgs: #[-j1, -s16384, -DwarningAsError=true]",
   "7aee8e280d509a4e"]],
 "depHash": "109ece7db56c0afc"}