{"synthetic": false,
 "schemaVersion": "2025-09-10",
 "outputs":
 {"o": ["1d5526306662b56c.olean"],
  "m": false,
  "i": "6be64dbbf9b00687.ilean",
  "c": "6438547cda2642e3.c"},
 "log":
 [{"message":
   ".> LEAN_PATH=/home/coder/Coding/bash-spec-pilot/research/libc-specs/phase5/integration/lean-final/.lake/build/lib/lean /home/coder/.elan/toolchains/leanprover--lean4---v4.31.0/bin/lean -j1 -s16384 -DwarningAsError=true /home/coder/Coding/bash-spec-pilot/research/libc-specs/phase5/integration/lean-final/LeanFinal.lean -o /home/coder/Coding/bash-spec-pilot/research/libc-specs/phase5/integration/lean-final/.lake/build/lib/lean/LeanFinal.olean -i /home/coder/Coding/bash-spec-pilot/research/libc-specs/phase5/integration/lean-final/.lake/build/lib/lean/LeanFinal.ilean -c /home/coder/Coding/bash-spec-pilot/research/libc-specs/phase5/integration/lean-final/.lake/build/ir/LeanFinal.c --setup /home/coder/Coding/bash-spec-pilot/research/libc-specs/phase5/integration/lean-final/.lake/build/ir/LeanFinal.setup.json --json",
   "level": "trace"}],
 "inputs":
 [["LeanFinal:deps",
   [["deps",
     [["shell_lean_final/LeanFinal:extraDep",
       [["@shell_lean_final:extraDep", "00000000000006bb"]]],
      ["imports",
       [["ShellObservation transitive imports (legacy)", "421b42967a82e147"],
        ["ShellObservation:importAllArts", "2a556e28dceade42"]]]]],
    ["libs",
     [["import dynlibs", "00000000000006bb"],
      ["package external libraries", "00000000000006bb"],
      ["module dynlibs", "00000000000006bb"],
      ["module plugins", "00000000000006bb"]]]]],
  ["Lean 4.31.0, commit 68218e876d2a38b1985b8590fff244a83c321783",
   "fc45ac412f28501c"],
  ["/home/coder/Coding/bash-spec-pilot/research/libc-specs/phase5/integration/lean-final/LeanFinal.lean",
   "f0a83c260a2e0fb5"],
  ["options", "00000000000006bb"],
  ["isModule: false", "feefd2a0d3a1847e"],
  ["Module.name: LeanFinal", "bca3dab05d5ed44b"],
  ["Package.id?: (some shell_lean_final)", "933a4a5fbe43413a"],
  ["Module.leanArgs: #[-j1, -s16384, -DwarningAsError=true]",
   "7aee8e280d509a4e"]],
 "depHash": "4d2c85074302cc70"}