{"synthetic": false,
 "schemaVersion": "2025-09-10",
 "outputs":
 {"o": ["57ee725fdc196978.olean"],
  "m": false,
  "i": "cfba09958145e2c5.ilean",
  "c": "134408328669821a.c"},
 "log":
 [{"message":
   ".> LEAN_PATH=/home/coder/Coding/bash-spec-pilot/research/libc-specs/phase5/integration/lean-final/.lake/build/lib/lean /home/coder/.elan/toolchains/leanprover--lean4---v4.31.0/bin/lean -j1 -s16384 -DwarningAsError=true /home/coder/Coding/bash-spec-pilot/research/libc-specs/phase5/integration/lean-final/ShellObservation.lean -o /home/coder/Coding/bash-spec-pilot/research/libc-specs/phase5/integration/lean-final/.lake/build/lib/lean/ShellObservation.olean -i /home/coder/Coding/bash-spec-pilot/research/libc-specs/phase5/integration/lean-final/.lake/build/lib/lean/ShellObservation.ilean -c /home/coder/Coding/bash-spec-pilot/research/libc-specs/phase5/integration/lean-final/.lake/build/ir/ShellObservation.c --setup /home/coder/Coding/bash-spec-pilot/research/libc-specs/phase5/integration/lean-final/.lake/build/ir/ShellObservation.setup.json --json",
   "level": "trace"}],
 "inputs":
 [["ShellObservation:deps",
   [["deps",
     [["shell_lean_final/ShellObservation:extraDep",
       [["@shell_lean_final:extraDep", "00000000000006bb"]]],
      ["imports",
       [["BufferRelay transitive imports (legacy)", "91d5f1008d38c33d"],
        ["BufferRelay:importAllArts", "c46efd40b966a1d1"]]]]],
    ["libs",
     [["import dynlibs", "00000000000006bb"],
      ["package external libraries", "00000000000006bb"],
      ["module dynlibs", "00000000000006bb"],
      ["module plugins", "00000000000006bb"]]]]],
  ["Lean 4.31.0, commit 68218e876d2a38b1985b8590fff244a83c321783",
   "fc45ac412f28501c"],
  ["/home/coder/Coding/bash-spec-pilot/research/libc-specs/phase5/integration/lean-final/ShellObservation.lean",
   "b07bc780a43970a6"],
  ["options", "00000000000006bb"],
  ["isModule: false", "feefd2a0d3a1847e"],
  ["Module.name: ShellObservation", "282c28434458323c"],
  ["Package.id?: (some shell_lean_final)", "933a4a5fbe43413a"],
  ["Module.leanArgs: #[-j1, -s16384, -DwarningAsError=true]",
   "7aee8e280d509a4e"]],
 "depHash": "78c4ed553192f6a1"}