✖ [2/9] Building Pipeline.Generated (174ms)
trace: .> LEAN_PATH=/Users/darshpoddar/Coding/formal-verification/pipeline/lean/.lake/build/lib/lean /Users/darshpoddar/.elan/toolchains/leanprover--lean4---v4.31.0/bin/lean /Users/darshpoddar/Coding/formal-verification/pipeline/lean/Pipeline/Generated.lean -o /Users/darshpoddar/Coding/formal-verification/pipeline/lean/.lake/build/lib/lean/Pipeline/Generated.olean -i /Users/darshpoddar/Coding/formal-verification/pipeline/lean/.lake/build/lib/lean/Pipeline/Generated.ilean -c /Users/darshpoddar/Coding/formal-verification/pipeline/lean/.lake/build/ir/Pipeline/Generated.c --setup /Users/darshpoddar/Coding/formal-verification/pipeline/lean/.lake/build/ir/Pipeline/Generated.setup.json --json
warning: Pipeline/Generated.lean:14:9: Variable name `args` is not explicitly referenced.

The binding can be removed (if unused) or named `_` (if used implicitly).

Note: This linter can be disabled with `set_option linter.unusedVariables false`
error: Pipeline/Generated.lean:62:16: Type mismatch
  List.Mem.head
has type
  ∀ (as : List ?m.137), List.Mem ?m.138 (?m.138 :: as)
but is expected to have type
  x ∈ x :: y :: ys
error: Pipeline/Generated.lean:76:52: Application type mismatch: The argument
  hu
has type
  uniq (x :: y :: ys) = []
but is expected to have type
  uniq (y :: ys) = []
in the application
  uniq_nonempty (y :: ys) ?m.89 hu
error: Lean exited with code 1
Some required targets logged failures:
- Pipeline.Generated
error: build failed
