✖ [2/9] Building Pipeline.Generated (162ms)
trace: .> LEAN_PATH=/Users/darshpoddar/Coding/formal-verification/pipeline/lean/.lake/build/lib/lean /Users/darshpoddar/.elan/toolchains/leanprover--lean4---v4.31.0/bin/lean /Users/darshpoddar/Coding/formal-verification/pipeline/lean/Pipeline/Generated.lean -o /Users/darshpoddar/Coding/formal-verification/pipeline/lean/.lake/build/lib/lean/Pipeline/Generated.olean -i /Users/darshpoddar/Coding/formal-verification/pipeline/lean/.lake/build/lib/lean/Pipeline/Generated.ilean -c /Users/darshpoddar/Coding/formal-verification/pipeline/lean/.lake/build/ir/Pipeline/Generated.c --setup /Users/darshpoddar/Coding/formal-verification/pipeline/lean/.lake/build/ir/Pipeline/Generated.setup.json --json
warning: Pipeline/Generated.lean:11:9: Variable name `args` is not explicitly referenced.

The binding can be removed (if unused) or named `_` (if used implicitly).

Note: This linter can be disabled with `set_option linter.unusedVariables false`
error: Pipeline/Generated.lean:62:30: Application type mismatch: The argument
  ihs
has type
  (uniq ys).length ≤ ys.length → (skipEqual x ys).length ≤ ys.length
but is expected to have type
  ?m.53 ≤ ?m.54
in the application
  Nat.le_trans ihs
error: Pipeline/Generated.lean:63:59: Application type mismatch: The argument
  ihs
has type
  (uniq ys).length ≤ ys.length → (skipEqual x ys).length ≤ ys.length
but is expected to have type
  ?m.64 ≤ ?m.65
in the application
  Nat.succ_le_succ ihs
error: Lean exited with code 1
Some required targets logged failures:
- Pipeline.Generated
error: build failed
