✖ [2/9] Building Pipeline.Generated (192ms)
trace: .> LEAN_PATH=/Users/darshpoddar/Coding/formal-verification/pipeline/lean/.lake/build/lib/lean /Users/darshpoddar/.elan/toolchains/leanprover--lean4---v4.31.0/bin/lean /Users/darshpoddar/Coding/formal-verification/pipeline/lean/Pipeline/Generated.lean -o /Users/darshpoddar/Coding/formal-verification/pipeline/lean/.lake/build/lib/lean/Pipeline/Generated.olean -i /Users/darshpoddar/Coding/formal-verification/pipeline/lean/.lake/build/lib/lean/Pipeline/Generated.ilean -c /Users/darshpoddar/Coding/formal-verification/pipeline/lean/.lake/build/ir/Pipeline/Generated.c --setup /Users/darshpoddar/Coding/formal-verification/pipeline/lean/.lake/build/ir/Pipeline/Generated.setup.json --json
warning: Pipeline/Generated.lean:7:13: Variable name `n` is not explicitly referenced.

The binding can be removed (if unused) or named `_` (if used implicitly).

Note: This linter can be disabled with `set_option linter.unusedVariables false`
warning: Pipeline/Generated.lean:13:13: Variable name `n` is not explicitly referenced.

The binding can be removed (if unused) or named `_` (if used implicitly).

Note: This linter can be disabled with `set_option linter.unusedVariables false`
warning: Pipeline/Generated.lean:52:29: `String.mk` has been deprecated: Use `String.ofList` instead
error: Pipeline/Generated.lean:57:9: Invalid field `bind`: The environment does not contain `List.bind`, so it is not possible to project the field `bind` from an expression
  stdin
of type `List String`
error: Pipeline/Generated.lean:70:10: Type mismatch
  Nat.succ_le_succ (ih xs)
has type
  (takeN n xs).length.succ ≤ n.succ
but is expected to have type
  (takeN n xs).length ≤ n
error: Pipeline/Generated.lean:190:31: Invalid field `bind`: The environment does not contain `List.bind`, so it is not possible to project the field `bind` from an expression
  stdin
of type `List String`
error: Lean exited with code 1
Some required targets logged failures:
- Pipeline.Generated
error: build failed
